// Jest Snapshot v1, https://goo.gl/fbAQLP

exports[`should render correctly 1`] = `
<div>
  <PageHeader
    title="Create Post"
  />
  <div
    className="content-container"
  >
    <PostForm
      onSubmit={[Function]}
    />
  </div>
</div>
`;
