// Jest Snapshot v1, https://goo.gl/fbAQLP

exports[`should correctly render LoadingPage 1`] = `
<img
  className="loader--undefined"
  src="/static/images/loader.gif"
/>
`;
