// Jest Snapshot v1, https://goo.gl/fbAQLP

exports[`should render correctly 1`] = `
<div
  className="flex"
>
  <CreatedButton
    className="mr1"
    key="0"
    url="https://www.stravell.com/"
    windowHeight={400}
    windowWidth={550}
  >
    <Icon
      className=""
      iconBgStyle={Object {}}
      logoFillColor="white"
      round={true}
      size={35}
    />
  </CreatedButton>
  <CreatedButton
    className="mr1"
    key="1"
    url="https://www.stravell.com/"
    windowHeight={400}
    windowWidth={550}
  >
    <Icon
      className=""
      iconBgStyle={Object {}}
      logoFillColor="white"
      round={true}
      size={35}
    />
  </CreatedButton>
  <CreatedButton
    className="mr1"
    key="2"
    separator=" "
    url="https://www.stravell.com/"
    windowHeight={400}
    windowWidth={550}
  >
    <Icon
      className=""
      iconBgStyle={Object {}}
      logoFillColor="white"
      round={true}
      size={35}
    />
  </CreatedButton>
  <CreatedButton
    className="mr1"
    key="3"
    url="https://www.stravell.com/"
    windowHeight={460}
    windowWidth={660}
  >
    <Icon
      className=""
      iconBgStyle={Object {}}
      logoFillColor="white"
      round={true}
      size={35}
    />
  </CreatedButton>
  <CreatedButton
    className="mr1"
    key="4"
    posttype="link"
    tags={Array []}
    url="https://www.stravell.com/"
    windowHeight={460}
    windowWidth={660}
  >
    <Icon
      className=""
      iconBgStyle={Object {}}
      logoFillColor="white"
      round={true}
      size={35}
    />
  </CreatedButton>
  <CreatedButton
    className="mr1"
    key="5"
    url="https://www.stravell.com/"
    windowHeight={600}
    windowWidth={750}
  >
    <Icon
      className=""
      iconBgStyle={Object {}}
      logoFillColor="white"
      round={true}
      size={35}
    />
  </CreatedButton>
</div>
`;
